// Jest Snapshot v1, https://goo.gl/fbAQLP

exports[`Should render Header 1`] = `
<header>
  <h1>
    Expensify
  </h1>
  <NavLink
    activeClassName="active-nav-link"
    aria-current="page"
    exact={true}
    to="/"
  >
    Expensify
  </NavLink>
  <NavLink
    activeClassName="active-nav-link"
    aria-current="page"
    to="/create"
  >
    Create page
  </NavLink>
  <NavLink
    activeClassName="active-nav-link"
    aria-current="page"
    to="/help"
  >
    Help page
  </NavLink>
</header>
`;
