// Jest Snapshot v1, https://goo.gl/fbAQLP

exports[`Should render MainPage 1`] = `
<div>
  <Connect(ExpensesFilter) />
  <Connect(ExpenseList) />
</div>
`;
